**********************
* MERGE PROGRESS LOG *
**********************
[2026-06-22 20:16:19] [INFO]: starting DeltaProject merge for: C:\Users\njohn\Downloads\pack2\2026_PMMI_Pack_Challenge_Siemens-Practice-Code\IM\HMI\I\0\Context.wrk\deltas\4
[2026-06-22 20:16:20] [WARNING]: Open optional file failed: C:\Users\njohn\Downloads\pack2\2026_PMMI_Pack_Challenge_Siemens-Practice-Code\IM\HMI\I\0\Context.wrk\deltas\3\runtime.rdf
[2026-06-22 20:16:20] [WARNING]: Open optional file failed: C:\Users\njohn\Downloads\pack2\2026_PMMI_Pack_Challenge_Siemens-Practice-Code\IM\HMI\I\0\Context.wrk\deltas\3\persistent.rdf
[2026-06-22 20:16:20] [WARNING]: Open optional file failed: C:\Users\njohn\Downloads\pack2\2026_PMMI_Pack_Challenge_Siemens-Practice-Code\IM\HMI\I\0\Context.wrk\deltas\3\deltaES2RTID.rdf
[2026-06-22 20:16:20] [WARNING]: Open optional file failed: C:\Users\njohn\Downloads\pack2\2026_PMMI_Pack_Challenge_Siemens-Practice-Code\IM\HMI\I\0\Context.wrk\deltas\4\runtime.rdf
[2026-06-22 20:16:20] [WARNING]: Open optional file failed: C:\Users\njohn\Downloads\pack2\2026_PMMI_Pack_Challenge_Siemens-Practice-Code\IM\HMI\I\0\Context.wrk\deltas\4\persistent.rdf
[2026-06-22 20:16:20] [INFO]: Starting Job number 1: MERGE DELTA JOB
[2026-06-22 20:16:20] [INFO]: The job was executed succesfully.
[2026-06-22 20:16:20] [INFO]: Starting Job number 2: JOIN JOB
[2026-06-22 20:16:20] [INFO]: The job was executed succesfully.
[2026-06-22 20:16:20] [INFO]: Starting Job number 3: DELETE JOB
[2026-06-22 20:16:20] [INFO]: The job was executed succesfully.
[2026-06-22 20:16:20] [INFO]: Starting Job number 4: MERGE DELTA JOB
[2026-06-22 20:16:20] [INFO]: The job was executed succesfully.
[2026-06-22 20:16:20] [INFO]: Starting Job number 5: JOIN JOB
[2026-06-22 20:16:20] [INFO]: The job was executed succesfully.
[2026-06-22 20:16:20] [INFO]: Starting Job number 6: DELETE JOB
[2026-06-22 20:16:20] [INFO]: The job was executed succesfully.
[2026-06-22 20:16:20] [INFO]: Starting Job number 7: MERGE DELTA JOB
[2026-06-22 20:16:20] [INFO]: The job was executed succesfully.
[2026-06-22 20:16:20] [INFO]: Starting Job number 8: MERGE DELTA JOB
[2026-06-22 20:16:20] [INFO]: The job was executed succesfully.
[2026-06-22 20:16:20] [INFO]: Starting Job number 9: JOIN JOB
[2026-06-22 20:16:20] [INFO]: The job was executed succesfully.
[2026-06-22 20:16:20] [INFO]: Starting Job number 10: DELETE JOB
[2026-06-22 20:16:20] [INFO]: The job was executed succesfully.
[2026-06-22 20:16:20] [INFO]: Starting Job number 11: DELETE JOB
[2026-06-22 20:16:20] [INFO]: The job was executed succesfully.
[2026-06-22 20:16:20] [INFO]: Starting Job number 12: MERGE DELTA JOB
[2026-06-22 20:16:20] [INFO]: The job was executed succesfully.
[2026-06-22 20:16:20] [INFO]: Starting Job number 13: JOIN JOB
[2026-06-22 20:16:20] [INFO]: The job was executed succesfully.
[2026-06-22 20:16:20] [INFO]: Starting Job number 14: DELETE JOB
[2026-06-22 20:16:20] [INFO]: The job was executed succesfully.
[2026-06-22 20:16:20] [INFO]: Starting Job number 15: MERGE DELTA JOB
[2026-06-22 20:16:20] [INFO]: The job was executed succesfully.
[2026-06-22 20:16:20] [INFO]: Starting Job number 16: MERGE DELTA JOB
[2026-06-22 20:16:20] [INFO]: The job was executed succesfully.
[2026-06-22 20:16:20] [INFO]: Starting Job number 17: JOIN JOB
[2026-06-22 20:16:20] [INFO]: The job was executed succesfully.
[2026-06-22 20:16:20] [INFO]: Starting Job number 18: DELETE JOB
[2026-06-22 20:16:20] [INFO]: The job was executed succesfully.
[2026-06-22 20:16:20] [INFO]: Starting Job number 19: DELETE JOB
[2026-06-22 20:16:20] [INFO]: The job was executed succesfully.
[2026-06-22 20:16:20] [INFO]: Starting Job number 20: MERGE DELTA JOB
[2026-06-22 20:16:20] [INFO]: The job was executed succesfully.
[2026-06-22 20:16:20] [INFO]: Starting Job number 21: MERGE DELTA JOB
[2026-06-22 20:16:20] [INFO]: The job was executed succesfully.
[2026-06-22 20:16:20] [INFO]: Starting Job number 22: JOIN JOB
[2026-06-22 20:16:20] [INFO]: The job was executed succesfully.
[2026-06-22 20:16:20] [INFO]: Starting Job number 23: DELETE JOB
[2026-06-22 20:16:20] [INFO]: The job was executed succesfully.
[2026-06-22 20:16:20] [INFO]: Starting Job number 24: DELETE JOB
[2026-06-22 20:16:20] [INFO]: The job was executed succesfully.
[2026-06-22 20:16:20] [INFO]: Starting Job number 25: MERGE DELTA JOB
[2026-06-22 20:16:20] [INFO]: The job was executed succesfully.
[2026-06-22 20:16:20] [INFO]: Starting Job number 26: MERGE DELTA JOB
[2026-06-22 20:16:20] [INFO]: The job was executed succesfully.
[2026-06-22 20:16:20] [INFO]: Starting Job number 27: MERGE DELTA JOB
[2026-06-22 20:16:20] [INFO]: The job was executed succesfully.
[2026-06-22 20:16:20] [INFO]: Starting Job number 28: JOIN JOB
[2026-06-22 20:16:20] [INFO]: The job was executed succesfully.
[2026-06-22 20:16:20] [INFO]: Starting Job number 29: DELETE JOB
[2026-06-22 20:16:20] [INFO]: The job was executed succesfully.
[2026-06-22 20:16:20] [INFO]: Starting Job number 30: DELETE JOB
[2026-06-22 20:16:20] [INFO]: The job was executed succesfully.
[2026-06-22 20:16:20] [INFO]: Starting Job number 31: DELETE JOB
[2026-06-22 20:16:20] [INFO]: The job was executed succesfully.
[2026-06-22 20:16:20] [INFO]: Starting Job number 32: MERGE DELTA JOB
[2026-06-22 20:16:20] [INFO]: The job was executed succesfully.
[2026-06-22 20:16:20] [INFO]: Starting Job number 33: JOIN JOB
[2026-06-22 20:16:20] [INFO]: The job was executed succesfully.
[2026-06-22 20:16:20] [INFO]: Starting Job number 34: DELETE JOB
[2026-06-22 20:16:20] [INFO]: The job was executed succesfully.
[2026-06-22 20:16:20] [INFO]: Starting Job number 35: MERGE DELTA JOB
[2026-06-22 20:16:20] [INFO]: The job was executed succesfully.
[2026-06-22 20:16:20] [INFO]: Starting Job number 36: JOIN JOB
[2026-06-22 20:16:20] [INFO]: The job was executed succesfully.
[2026-06-22 20:16:20] [INFO]: Starting Job number 37: DELETE JOB
[2026-06-22 20:16:20] [INFO]: The job was executed succesfully.
[2026-06-22 20:16:20] [INFO]: Starting Job number 38: MERGE DELTA JOB
[2026-06-22 20:16:20] [INFO]: The job was executed succesfully.
[2026-06-22 20:16:20] [INFO]: Starting Job number 39: JOIN JOB
[2026-06-22 20:16:20] [INFO]: The job was executed succesfully.
[2026-06-22 20:16:20] [INFO]: Starting Job number 40: DELETE JOB
[2026-06-22 20:16:20] [INFO]: The job was executed succesfully.
[2026-06-22 20:16:20] [INFO]: Starting Job number 41: MERGE ADD JOB
[2026-06-22 20:16:20] [INFO]: The job was executed succesfully.
[2026-06-22 20:16:20] [INFO]: Starting Job number 42: MERGE ADD JOB
[2026-06-22 20:16:20] [INFO]: The job was executed succesfully.
[2026-06-22 20:16:20] [INFO]: Starting Job number 43: MERGE ADD JOB
[2026-06-22 20:16:20] [INFO]: The job was executed succesfully.
[2026-06-22 20:16:20] [INFO]: Starting Job number 44: MERGE ADD JOB
[2026-06-22 20:16:20] [INFO]: The job was executed succesfully.
[2026-06-22 20:16:20] [INFO]: Starting Job number 45: MERGE ADD JOB
[2026-06-22 20:16:20] [INFO]: The job was executed succesfully.
[2026-06-22 20:16:20] [INFO]: Starting Job number 46: MERGE ADD JOB
[2026-06-22 20:16:20] [INFO]: The job was executed succesfully.
[2026-06-22 20:16:20] [INFO]: Starting Job number 47: MERGE ADD JOB
[2026-06-22 20:16:20] [INFO]: The job was executed succesfully.
[2026-06-22 20:16:20] [INFO]: Starting Job number 48: MERGE ADD JOB
[2026-06-22 20:16:20] [INFO]: The job was executed succesfully.
[2026-06-22 20:16:20] [INFO]: Starting Job number 49: MERGE DELTA JOB
[2026-06-22 20:16:20] [INFO]: The job was executed succesfully.
[2026-06-22 20:16:20] [INFO]: Starting Job number 50: MERGE DELTA JOB
[2026-06-22 20:16:20] [INFO]: The job was executed succesfully.
[2026-06-22 20:16:20] [INFO]: Starting Job number 51: MERGE DELTA JOB
[2026-06-22 20:16:20] [INFO]: The job was executed succesfully.
[2026-06-22 20:16:20] [INFO]: Starting Job number 52: MERGE DELTA JOB
[2026-06-22 20:16:20] [INFO]: The job was executed succesfully.
[2026-06-22 20:16:20] [INFO]: Starting Job number 53: JOIN JOB
[2026-06-22 20:16:20] [INFO]: The job was executed succesfully.
[2026-06-22 20:16:20] [INFO]: Starting Job number 54: DELETE JOB
[2026-06-22 20:16:20] [INFO]: The job was executed succesfully.
[2026-06-22 20:16:20] [INFO]: Starting Job number 55: DELETE JOB
[2026-06-22 20:16:20] [INFO]: The job was executed succesfully.
[2026-06-22 20:16:20] [INFO]: Starting Job number 56: DELETE JOB
[2026-06-22 20:16:20] [INFO]: The job was executed succesfully.
[2026-06-22 20:16:20] [INFO]: Starting Job number 57: DELETE JOB
[2026-06-22 20:16:20] [INFO]: The job was executed succesfully.
[2026-06-22 20:16:20] [INFO]: Starting Job number 58: DELETE JOB
[2026-06-22 20:16:20] [INFO]: The job was executed succesfully.
[2026-06-22 20:16:20] [INFO]: DONE! Rdf delta project merge succeed!
