**********************
* MERGE PROGRESS LOG *
**********************
[2026-07-02 10:07:27] [INFO]: starting DeltaProject merge for: C:\GitHub\Pack-Challenge-2026-2027\IM\HMI\I\0\Context.wrk\deltas\38
[2026-07-02 10:07:27] [WARNING]: Open optional file failed: C:\GitHub\Pack-Challenge-2026-2027\IM\HMI\I\0\Context.wrk\deltas\37\runtime.rdf
[2026-07-02 10:07:27] [WARNING]: Open optional file failed: C:\GitHub\Pack-Challenge-2026-2027\IM\HMI\I\0\Context.wrk\deltas\37\persistent.rdf
[2026-07-02 10:07:27] [WARNING]: Open optional file failed: C:\GitHub\Pack-Challenge-2026-2027\IM\HMI\I\0\Context.wrk\deltas\38\runtime.rdf
[2026-07-02 10:07:27] [WARNING]: Open optional file failed: C:\GitHub\Pack-Challenge-2026-2027\IM\HMI\I\0\Context.wrk\deltas\38\persistent.rdf
[2026-07-02 10:07:27] [INFO]: Starting Job number 1: COPY RESOURCE JOB
[2026-07-02 10:07:27] [INFO]: The job was executed succesfully.
[2026-07-02 10:07:27] [INFO]: Starting Job number 2: COPY RESOURCE JOB
[2026-07-02 10:07:27] [INFO]: The job was executed succesfully.
[2026-07-02 10:07:27] [INFO]: Starting Job number 3: COPY RESOURCE JOB
[2026-07-02 10:07:27] [INFO]: The job was executed succesfully.
[2026-07-02 10:07:27] [INFO]: Starting Job number 4: COPY RESOURCE JOB
[2026-07-02 10:07:27] [INFO]: The job was executed succesfully.
[2026-07-02 10:07:27] [INFO]: Starting Job number 5: COPY RESOURCE JOB
[2026-07-02 10:07:27] [INFO]: The job was executed succesfully.
[2026-07-02 10:07:27] [INFO]: Starting Job number 6: MERGE DELTA JOB
[2026-07-02 10:07:27] [INFO]: The job was executed succesfully.
[2026-07-02 10:07:27] [INFO]: Starting Job number 7: JOIN JOB
[2026-07-02 10:07:27] [INFO]: The job was executed succesfully.
[2026-07-02 10:07:27] [INFO]: Starting Job number 8: DELETE JOB
[2026-07-02 10:07:27] [INFO]: The job was executed succesfully.
[2026-07-02 10:07:27] [INFO]: Starting Job number 9: MERGE DELTA JOB
[2026-07-02 10:07:27] [INFO]: The job was executed succesfully.
[2026-07-02 10:07:27] [INFO]: Starting Job number 10: MERGE DELTA JOB
[2026-07-02 10:07:27] [INFO]: The job was executed succesfully.
[2026-07-02 10:07:27] [INFO]: Starting Job number 11: JOIN JOB
[2026-07-02 10:07:27] [INFO]: The job was executed succesfully.
[2026-07-02 10:07:27] [INFO]: Starting Job number 12: DELETE JOB
[2026-07-02 10:07:27] [INFO]: The job was executed succesfully.
[2026-07-02 10:07:27] [INFO]: Starting Job number 13: DELETE JOB
[2026-07-02 10:07:27] [INFO]: The job was executed succesfully.
[2026-07-02 10:07:27] [INFO]: Starting Job number 14: MERGE DELTA JOB
[2026-07-02 10:07:27] [INFO]: The job was executed succesfully.
[2026-07-02 10:07:27] [INFO]: Starting Job number 15: JOIN JOB
[2026-07-02 10:07:27] [INFO]: The job was executed succesfully.
[2026-07-02 10:07:27] [INFO]: Starting Job number 16: DELETE JOB
[2026-07-02 10:07:27] [INFO]: The job was executed succesfully.
[2026-07-02 10:07:27] [INFO]: Starting Job number 17: MERGE DELTA JOB
[2026-07-02 10:07:27] [INFO]: The job was executed succesfully.
[2026-07-02 10:07:27] [INFO]: Starting Job number 18: JOIN JOB
[2026-07-02 10:07:27] [INFO]: The job was executed succesfully.
[2026-07-02 10:07:27] [INFO]: Starting Job number 19: DELETE JOB
[2026-07-02 10:07:27] [INFO]: The job was executed succesfully.
[2026-07-02 10:07:27] [INFO]: Starting Job number 20: MERGE DELTA JOB
[2026-07-02 10:07:27] [INFO]: The job was executed succesfully.
[2026-07-02 10:07:27] [INFO]: Starting Job number 21: JOIN JOB
[2026-07-02 10:07:27] [INFO]: The job was executed succesfully.
[2026-07-02 10:07:27] [INFO]: Starting Job number 22: DELETE JOB
[2026-07-02 10:07:27] [INFO]: The job was executed succesfully.
[2026-07-02 10:07:27] [INFO]: Starting Job number 23: MERGE DELTA JOB
[2026-07-02 10:07:27] [INFO]: The job was executed succesfully.
[2026-07-02 10:07:27] [INFO]: Starting Job number 24: JOIN JOB
[2026-07-02 10:07:27] [INFO]: The job was executed succesfully.
[2026-07-02 10:07:27] [INFO]: Starting Job number 25: DELETE JOB
[2026-07-02 10:07:27] [INFO]: The job was executed succesfully.
[2026-07-02 10:07:27] [INFO]: Starting Job number 26: MERGE DELTA JOB
[2026-07-02 10:07:27] [INFO]: The job was executed succesfully.
[2026-07-02 10:07:27] [INFO]: Starting Job number 27: JOIN JOB
[2026-07-02 10:07:27] [INFO]: The job was executed succesfully.
[2026-07-02 10:07:27] [INFO]: Starting Job number 28: DELETE JOB
[2026-07-02 10:07:27] [INFO]: The job was executed succesfully.
[2026-07-02 10:07:27] [INFO]: Starting Job number 29: MERGE DELTA JOB
[2026-07-02 10:07:27] [INFO]: The job was executed succesfully.
[2026-07-02 10:07:27] [INFO]: Starting Job number 30: JOIN JOB
[2026-07-02 10:07:27] [INFO]: The job was executed succesfully.
[2026-07-02 10:07:27] [INFO]: Starting Job number 31: DELETE JOB
[2026-07-02 10:07:27] [INFO]: The job was executed succesfully.
[2026-07-02 10:07:27] [INFO]: Starting Job number 32: MERGE DELTA JOB
[2026-07-02 10:07:27] [INFO]: The job was executed succesfully.
[2026-07-02 10:07:27] [INFO]: Starting Job number 33: JOIN JOB
[2026-07-02 10:07:28] [INFO]: The job was executed succesfully.
[2026-07-02 10:07:28] [INFO]: Starting Job number 34: DELETE JOB
[2026-07-02 10:07:28] [INFO]: The job was executed succesfully.
[2026-07-02 10:07:28] [INFO]: Starting Job number 35: MERGE ADD JOB
[2026-07-02 10:07:28] [INFO]: The job was executed succesfully.
[2026-07-02 10:07:28] [INFO]: Starting Job number 36: MERGE ADD JOB
[2026-07-02 10:07:28] [INFO]: The job was executed succesfully.
[2026-07-02 10:07:28] [INFO]: Starting Job number 37: MERGE ADD JOB
[2026-07-02 10:07:28] [INFO]: The job was executed succesfully.
[2026-07-02 10:07:28] [INFO]: Starting Job number 38: MERGE ADD JOB
[2026-07-02 10:07:28] [INFO]: The job was executed succesfully.
[2026-07-02 10:07:28] [INFO]: Starting Job number 39: MERGE ADD JOB
[2026-07-02 10:07:28] [INFO]: The job was executed succesfully.
[2026-07-02 10:07:28] [INFO]: Starting Job number 40: MERGE ADD JOB
[2026-07-02 10:07:28] [INFO]: The job was executed succesfully.
[2026-07-02 10:07:28] [INFO]: Starting Job number 41: MERGE ADD JOB
[2026-07-02 10:07:28] [INFO]: The job was executed succesfully.
[2026-07-02 10:07:28] [INFO]: Starting Job number 42: MERGE DELTA JOB
[2026-07-02 10:07:28] [INFO]: The job was executed succesfully.
[2026-07-02 10:07:28] [INFO]: Starting Job number 43: MERGE DELTA JOB
[2026-07-02 10:07:28] [INFO]: The job was executed succesfully.
[2026-07-02 10:07:28] [INFO]: Starting Job number 44: MERGE DELTA JOB
[2026-07-02 10:07:28] [INFO]: The job was executed succesfully.
[2026-07-02 10:07:28] [INFO]: Starting Job number 45: MERGE DELTA JOB
[2026-07-02 10:07:28] [INFO]: The job was executed succesfully.
[2026-07-02 10:07:28] [INFO]: Starting Job number 46: JOIN JOB
[2026-07-02 10:07:28] [INFO]: The job was executed succesfully.
[2026-07-02 10:07:28] [INFO]: Starting Job number 47: DELETE JOB
[2026-07-02 10:07:28] [INFO]: The job was executed succesfully.
[2026-07-02 10:07:28] [INFO]: Starting Job number 48: DELETE JOB
[2026-07-02 10:07:28] [INFO]: The job was executed succesfully.
[2026-07-02 10:07:28] [INFO]: Starting Job number 49: DELETE JOB
[2026-07-02 10:07:28] [INFO]: The job was executed succesfully.
[2026-07-02 10:07:28] [INFO]: Starting Job number 50: DELETE JOB
[2026-07-02 10:07:28] [INFO]: The job was executed succesfully.
[2026-07-02 10:07:28] [INFO]: Starting Job number 51: DELETE JOB
[2026-07-02 10:07:28] [INFO]: The job was executed succesfully.
[2026-07-02 10:07:28] [INFO]: DONE! Rdf delta project merge succeed!
