**********************
* MERGE PROGRESS LOG *
**********************
[2026-06-22 20:16:18] [INFO]: Starting merge for Project: C:\Users\njohn\Downloads\pack2\2026_PMMI_Pack_Challenge_Siemens-Practice-Code\IM\HMI\I\0\Context.wrk
[2026-06-22 20:16:18] [INFO]: Setting up Full Project Merge...
[2026-06-22 20:16:18] [WARNING]: Open optional file failed: C:\Users\njohn\Downloads\pack2\2026_PMMI_Pack_Challenge_Siemens-Practice-Code\IM\HMI\I\0\Context.wrk\system\runtime.rdf
[2026-06-22 20:16:18] [WARNING]: Open optional file failed: C:\Users\njohn\Downloads\pack2\2026_PMMI_Pack_Challenge_Siemens-Practice-Code\IM\HMI\I\0\Context.wrk\system\persistent.rdf
[2026-06-22 20:16:19] [WARNING]: Open optional file failed: C:\Users\njohn\Downloads\pack2\2026_PMMI_Pack_Challenge_Siemens-Practice-Code\IM\HMI\I\0\Context.wrk\deltas\4\runtime.rdf
[2026-06-22 20:16:19] [WARNING]: Open optional file failed: C:\Users\njohn\Downloads\pack2\2026_PMMI_Pack_Challenge_Siemens-Practice-Code\IM\HMI\I\0\Context.wrk\deltas\4\persistent.rdf
[2026-06-22 20:16:19] [INFO]: Number of Jobs to execute: 79
[2026-06-22 20:16:19] [INFO]: Starting Job number 1: MERGE JOB
[2026-06-22 20:16:19] [INFO]: The job was executed succesfully.
[2026-06-22 20:16:19] [INFO]: Starting Job number 2: MERGE JOB
[2026-06-22 20:16:19] [INFO]: The job was executed succesfully.
[2026-06-22 20:16:19] [INFO]: Starting Job number 3: MERGE JOB
[2026-06-22 20:16:19] [INFO]: The job was executed succesfully.
[2026-06-22 20:16:19] [INFO]: Starting Job number 4: JOIN JOB
[2026-06-22 20:16:19] [INFO]: The job was executed succesfully.
[2026-06-22 20:16:19] [INFO]: Starting Job number 5: MERGE JOB
[2026-06-22 20:16:19] [INFO]: The job was executed succesfully.
[2026-06-22 20:16:19] [INFO]: Starting Job number 6: JOIN JOB
[2026-06-22 20:16:19] [INFO]: The job was executed succesfully.
[2026-06-22 20:16:19] [INFO]: Starting Job number 7: MERGE JOB
[2026-06-22 20:16:19] [INFO]: The job was executed succesfully.
[2026-06-22 20:16:19] [INFO]: Starting Job number 8: JOIN JOB
[2026-06-22 20:16:19] [INFO]: The job was executed succesfully.
[2026-06-22 20:16:19] [INFO]: Starting Job number 9: MERGE JOB
[2026-06-22 20:16:19] [INFO]: The job was executed succesfully.
[2026-06-22 20:16:19] [INFO]: Starting Job number 10: JOIN JOB
[2026-06-22 20:16:19] [INFO]: The job was executed succesfully.
[2026-06-22 20:16:19] [INFO]: Starting Job number 11: MERGE JOB
[2026-06-22 20:16:19] [INFO]: The job was executed succesfully.
[2026-06-22 20:16:19] [INFO]: Starting Job number 12: JOIN JOB
[2026-06-22 20:16:19] [INFO]: The job was executed succesfully.
[2026-06-22 20:16:19] [INFO]: Starting Job number 13: MERGE JOB
[2026-06-22 20:16:19] [INFO]: The job was executed succesfully.
[2026-06-22 20:16:19] [INFO]: Starting Job number 14: MERGE JOB
[2026-06-22 20:16:19] [INFO]: The job was executed succesfully.
[2026-06-22 20:16:19] [INFO]: Starting Job number 15: JOIN JOB
[2026-06-22 20:16:19] [INFO]: The job was executed succesfully.
[2026-06-22 20:16:19] [INFO]: Starting Job number 16: MERGE JOB
[2026-06-22 20:16:19] [INFO]: The job was executed succesfully.
[2026-06-22 20:16:19] [INFO]: Starting Job number 17: MERGE JOB
[2026-06-22 20:16:19] [INFO]: The job was executed succesfully.
[2026-06-22 20:16:19] [INFO]: Starting Job number 18: JOIN JOB
[2026-06-22 20:16:19] [INFO]: The job was executed succesfully.
[2026-06-22 20:16:19] [INFO]: Starting Job number 19: MERGE JOB
[2026-06-22 20:16:19] [INFO]: The job was executed succesfully.
[2026-06-22 20:16:19] [INFO]: Starting Job number 20: MERGE JOB
[2026-06-22 20:16:19] [INFO]: The job was executed succesfully.
[2026-06-22 20:16:19] [INFO]: Starting Job number 21: JOIN JOB
[2026-06-22 20:16:19] [INFO]: The job was executed succesfully.
[2026-06-22 20:16:19] [INFO]: Starting Job number 22: MERGE JOB
[2026-06-22 20:16:19] [INFO]: The job was executed succesfully.
[2026-06-22 20:16:19] [INFO]: Starting Job number 23: JOIN JOB
[2026-06-22 20:16:19] [INFO]: The job was executed succesfully.
[2026-06-22 20:16:19] [INFO]: Starting Job number 24: MERGE JOB
[2026-06-22 20:16:19] [INFO]: The job was executed succesfully.
[2026-06-22 20:16:19] [INFO]: Starting Job number 25: MERGE JOB
[2026-06-22 20:16:19] [INFO]: The job was executed succesfully.
[2026-06-22 20:16:19] [INFO]: Starting Job number 26: MERGE JOB
[2026-06-22 20:16:19] [INFO]: The job was executed succesfully.
[2026-06-22 20:16:19] [INFO]: Starting Job number 27: MERGE JOB
[2026-06-22 20:16:19] [INFO]: The job was executed succesfully.
[2026-06-22 20:16:19] [INFO]: Starting Job number 28: JOIN JOB
[2026-06-22 20:16:19] [INFO]: The job was executed succesfully.
[2026-06-22 20:16:19] [INFO]: Starting Job number 29: MERGE JOB
[2026-06-22 20:16:19] [INFO]: The job was executed succesfully.
[2026-06-22 20:16:19] [INFO]: Starting Job number 30: MERGE JOB
[2026-06-22 20:16:19] [INFO]: The job was executed succesfully.
[2026-06-22 20:16:19] [INFO]: Starting Job number 31: JOIN JOB
[2026-06-22 20:16:19] [INFO]: The job was executed succesfully.
[2026-06-22 20:16:19] [INFO]: Starting Job number 32: MERGE JOB
[2026-06-22 20:16:19] [INFO]: The job was executed succesfully.
[2026-06-22 20:16:19] [INFO]: Starting Job number 33: JOIN JOB
[2026-06-22 20:16:19] [INFO]: The job was executed succesfully.
[2026-06-22 20:16:19] [INFO]: Starting Job number 34: MERGE JOB
[2026-06-22 20:16:19] [INFO]: The job was executed succesfully.
[2026-06-22 20:16:19] [INFO]: Starting Job number 35: MERGE JOB
[2026-06-22 20:16:19] [INFO]: The job was executed succesfully.
[2026-06-22 20:16:19] [INFO]: Starting Job number 36: JOIN JOB
[2026-06-22 20:16:19] [INFO]: The job was executed succesfully.
[2026-06-22 20:16:19] [INFO]: Starting Job number 37: MERGE ADD JOB
[2026-06-22 20:16:19] [INFO]: The job was executed succesfully.
[2026-06-22 20:16:19] [INFO]: Starting Job number 38: MERGE ADD JOB
[2026-06-22 20:16:19] [INFO]: The job was executed succesfully.
[2026-06-22 20:16:19] [INFO]: Starting Job number 39: MERGE JOB
[2026-06-22 20:16:19] [INFO]: The job was executed succesfully.
[2026-06-22 20:16:19] [INFO]: Starting Job number 40: JOIN JOB
[2026-06-22 20:16:19] [INFO]: The job was executed succesfully.
[2026-06-22 20:16:19] [INFO]: Starting Job number 41: FINALIZE JOB
[2026-06-22 20:16:19] [INFO]: The job was executed succesfully.
[2026-06-22 20:16:19] [INFO]: Starting Job number 42: DELETE JOB
[2026-06-22 20:16:19] [INFO]: The job was executed succesfully.
[2026-06-22 20:16:19] [INFO]: Starting Job number 43: DELETE JOB
[2026-06-22 20:16:19] [INFO]: The job was executed succesfully.
[2026-06-22 20:16:19] [INFO]: Starting Job number 44: FINALIZE JOB
[2026-06-22 20:16:19] [INFO]: The job was executed succesfully.
[2026-06-22 20:16:19] [INFO]: Starting Job number 45: DELETE JOB
[2026-06-22 20:16:19] [INFO]: The job was executed succesfully.
[2026-06-22 20:16:19] [INFO]: Starting Job number 46: DELETE JOB
[2026-06-22 20:16:19] [INFO]: The job was executed succesfully.
[2026-06-22 20:16:19] [INFO]: Starting Job number 47: FINALIZE JOB
[2026-06-22 20:16:19] [INFO]: The job was executed succesfully.
[2026-06-22 20:16:19] [INFO]: Starting Job number 48: DELETE JOB
[2026-06-22 20:16:19] [INFO]: The job was executed succesfully.
[2026-06-22 20:16:19] [INFO]: Starting Job number 49: DELETE JOB
[2026-06-22 20:16:19] [INFO]: The job was executed succesfully.
[2026-06-22 20:16:19] [INFO]: Starting Job number 50: DELETE JOB
[2026-06-22 20:16:19] [INFO]: The job was executed succesfully.
[2026-06-22 20:16:19] [INFO]: Starting Job number 51: DELETE JOB
[2026-06-22 20:16:19] [INFO]: The job was executed succesfully.
[2026-06-22 20:16:19] [INFO]: Starting Job number 52: FINALIZE JOB
[2026-06-22 20:16:19] [INFO]: The job was executed succesfully.
[2026-06-22 20:16:19] [INFO]: Starting Job number 53: DELETE JOB
[2026-06-22 20:16:19] [INFO]: The job was executed succesfully.
[2026-06-22 20:16:19] [INFO]: Starting Job number 54: DELETE JOB
[2026-06-22 20:16:19] [INFO]: The job was executed succesfully.
[2026-06-22 20:16:19] [INFO]: Starting Job number 55: FINALIZE JOB
[2026-06-22 20:16:19] [INFO]: The job was executed succesfully.
[2026-06-22 20:16:19] [INFO]: Starting Job number 56: FINALIZE JOB
[2026-06-22 20:16:19] [INFO]: The job was executed succesfully.
[2026-06-22 20:16:19] [INFO]: Starting Job number 57: DELETE JOB
[2026-06-22 20:16:19] [INFO]: The job was executed succesfully.
[2026-06-22 20:16:19] [INFO]: Starting Job number 58: DELETE JOB
[2026-06-22 20:16:19] [INFO]: The job was executed succesfully.
[2026-06-22 20:16:19] [INFO]: Starting Job number 59: DELETE JOB
[2026-06-22 20:16:19] [INFO]: The job was executed succesfully.
[2026-06-22 20:16:19] [INFO]: Starting Job number 60: DELETE JOB
[2026-06-22 20:16:19] [INFO]: The job was executed succesfully.
[2026-06-22 20:16:19] [INFO]: Starting Job number 61: FINALIZE JOB
[2026-06-22 20:16:19] [INFO]: The job was executed succesfully.
[2026-06-22 20:16:19] [INFO]: Starting Job number 62: DELETE JOB
[2026-06-22 20:16:19] [INFO]: The job was executed succesfully.
[2026-06-22 20:16:19] [INFO]: Starting Job number 63: DELETE JOB
[2026-06-22 20:16:19] [INFO]: The job was executed succesfully.
[2026-06-22 20:16:19] [INFO]: Starting Job number 64: FINALIZE JOB
[2026-06-22 20:16:19] [INFO]: The job was executed succesfully.
[2026-06-22 20:16:19] [INFO]: Starting Job number 65: FINALIZE JOB
[2026-06-22 20:16:19] [INFO]: The job was executed succesfully.
[2026-06-22 20:16:19] [INFO]: Starting Job number 66: FINALIZE JOB
[2026-06-22 20:16:19] [INFO]: The job was executed succesfully.
[2026-06-22 20:16:19] [INFO]: Starting Job number 67: DELETE JOB
[2026-06-22 20:16:19] [INFO]: The job was executed succesfully.
[2026-06-22 20:16:19] [INFO]: Starting Job number 68: DELETE JOB
[2026-06-22 20:16:19] [INFO]: The job was executed succesfully.
[2026-06-22 20:16:19] [INFO]: Starting Job number 69: DELETE JOB
[2026-06-22 20:16:19] [INFO]: The job was executed succesfully.
[2026-06-22 20:16:19] [INFO]: Starting Job number 70: FINALIZE JOB
[2026-06-22 20:16:19] [INFO]: The job was executed succesfully.
[2026-06-22 20:16:19] [INFO]: Starting Job number 71: DELETE JOB
[2026-06-22 20:16:19] [INFO]: The job was executed succesfully.
[2026-06-22 20:16:19] [INFO]: Starting Job number 72: FINALIZE JOB
[2026-06-22 20:16:19] [INFO]: The job was executed succesfully.
[2026-06-22 20:16:19] [INFO]: Starting Job number 73: DELETE JOB
[2026-06-22 20:16:19] [INFO]: The job was executed succesfully.
[2026-06-22 20:16:19] [INFO]: Starting Job number 74: FINALIZE JOB
[2026-06-22 20:16:19] [INFO]: The job was executed succesfully.
[2026-06-22 20:16:19] [INFO]: Starting Job number 75: DELETE JOB
[2026-06-22 20:16:19] [INFO]: The job was executed succesfully.
[2026-06-22 20:16:19] [INFO]: Starting Job number 76: DELETE JOB
[2026-06-22 20:16:19] [INFO]: The job was executed succesfully.
[2026-06-22 20:16:19] [INFO]: Starting Job number 77: DELETE JOB
[2026-06-22 20:16:19] [INFO]: The job was executed succesfully.
[2026-06-22 20:16:19] [INFO]: Starting Job number 78: FINALIZE JOB
[2026-06-22 20:16:19] [INFO]: The job was executed succesfully.
[2026-06-22 20:16:19] [INFO]: Starting Job number 79: DELETE JOB
[2026-06-22 20:16:19] [INFO]: The job was executed succesfully.
[2026-06-22 20:16:19] [INFO]: DONE! Merge succeeded
