**********************
* MERGE PROGRESS LOG *
**********************
[2026-07-02 09:46:26] [INFO]: starting DeltaProject merge for: C:\GitHub\Pack-Challenge-2026-2027\IM\HMI\I\0\Context.wrk\deltas\33
[2026-07-02 09:46:27] [WARNING]: Open optional file failed: C:\GitHub\Pack-Challenge-2026-2027\IM\HMI\I\0\Context.wrk\deltas\17\runtime.rdf
[2026-07-02 09:46:27] [WARNING]: Open optional file failed: C:\GitHub\Pack-Challenge-2026-2027\IM\HMI\I\0\Context.wrk\deltas\17\persistent.rdf
[2026-07-02 09:46:27] [WARNING]: Open optional file failed: C:\GitHub\Pack-Challenge-2026-2027\IM\HMI\I\0\Context.wrk\deltas\33\runtime.rdf
[2026-07-02 09:46:27] [WARNING]: Open optional file failed: C:\GitHub\Pack-Challenge-2026-2027\IM\HMI\I\0\Context.wrk\deltas\33\persistent.rdf
[2026-07-02 09:46:27] [INFO]: Starting Job number 1: COPY RESOURCE JOB
[2026-07-02 09:46:27] [INFO]: The job was executed succesfully.
[2026-07-02 09:46:27] [INFO]: Starting Job number 2: COPY RESOURCE JOB
[2026-07-02 09:46:27] [INFO]: The job was executed succesfully.
[2026-07-02 09:46:27] [INFO]: Starting Job number 3: COPY RESOURCE JOB
[2026-07-02 09:46:27] [INFO]: The job was executed succesfully.
[2026-07-02 09:46:27] [INFO]: Starting Job number 4: COPY RESOURCE JOB
[2026-07-02 09:46:27] [INFO]: The job was executed succesfully.
[2026-07-02 09:46:27] [INFO]: Starting Job number 5: COPY RESOURCE JOB
[2026-07-02 09:46:27] [INFO]: The job was executed succesfully.
[2026-07-02 09:46:27] [INFO]: Starting Job number 6: COPY RESOURCE JOB
[2026-07-02 09:46:27] [INFO]: The job was executed succesfully.
[2026-07-02 09:46:27] [INFO]: Starting Job number 7: COPY RESOURCE JOB
[2026-07-02 09:46:27] [INFO]: The job was executed succesfully.
[2026-07-02 09:46:27] [INFO]: Starting Job number 8: COPY RESOURCE JOB
[2026-07-02 09:46:27] [INFO]: The job was executed succesfully.
[2026-07-02 09:46:27] [INFO]: Starting Job number 9: COPY RESOURCE JOB
[2026-07-02 09:46:27] [INFO]: The job was executed succesfully.
[2026-07-02 09:46:27] [INFO]: Starting Job number 10: MERGE DELTA JOB
[2026-07-02 09:46:27] [INFO]: The job was executed succesfully.
[2026-07-02 09:46:27] [INFO]: Starting Job number 11: MERGE DELTA JOB
[2026-07-02 09:46:27] [INFO]: The job was executed succesfully.
[2026-07-02 09:46:27] [INFO]: Starting Job number 12: MERGE DELTA JOB
[2026-07-02 09:46:27] [INFO]: The job was executed succesfully.
[2026-07-02 09:46:27] [INFO]: Starting Job number 13: JOIN JOB
[2026-07-02 09:46:27] [INFO]: The job was executed succesfully.
[2026-07-02 09:46:27] [INFO]: Starting Job number 14: DELETE JOB
[2026-07-02 09:46:27] [INFO]: The job was executed succesfully.
[2026-07-02 09:46:27] [INFO]: Starting Job number 15: DELETE JOB
[2026-07-02 09:46:27] [INFO]: The job was executed succesfully.
[2026-07-02 09:46:27] [INFO]: Starting Job number 16: DELETE JOB
[2026-07-02 09:46:27] [INFO]: The job was executed succesfully.
[2026-07-02 09:46:27] [INFO]: Starting Job number 17: MERGE DELTA JOB
[2026-07-02 09:46:27] [INFO]: The job was executed succesfully.
[2026-07-02 09:46:27] [INFO]: Starting Job number 18: JOIN JOB
[2026-07-02 09:46:27] [INFO]: The job was executed succesfully.
[2026-07-02 09:46:27] [INFO]: Starting Job number 19: DELETE JOB
[2026-07-02 09:46:27] [INFO]: The job was executed succesfully.
[2026-07-02 09:46:27] [INFO]: Starting Job number 20: MERGE DELTA JOB
[2026-07-02 09:46:27] [INFO]: The job was executed succesfully.
[2026-07-02 09:46:27] [INFO]: Starting Job number 21: MERGE DELTA JOB
[2026-07-02 09:46:27] [INFO]: The job was executed succesfully.
[2026-07-02 09:46:27] [INFO]: Starting Job number 22: JOIN JOB
[2026-07-02 09:46:27] [INFO]: The job was executed succesfully.
[2026-07-02 09:46:27] [INFO]: Starting Job number 23: DELETE JOB
[2026-07-02 09:46:27] [INFO]: The job was executed succesfully.
[2026-07-02 09:46:27] [INFO]: Starting Job number 24: DELETE JOB
[2026-07-02 09:46:27] [INFO]: The job was executed succesfully.
[2026-07-02 09:46:27] [INFO]: Starting Job number 25: MERGE DELTA JOB
[2026-07-02 09:46:27] [INFO]: The job was executed succesfully.
[2026-07-02 09:46:27] [INFO]: Starting Job number 26: JOIN JOB
[2026-07-02 09:46:27] [INFO]: The job was executed succesfully.
[2026-07-02 09:46:27] [INFO]: Starting Job number 27: DELETE JOB
[2026-07-02 09:46:27] [INFO]: The job was executed succesfully.
[2026-07-02 09:46:27] [INFO]: Starting Job number 28: MERGE DELTA JOB
[2026-07-02 09:46:27] [INFO]: The job was executed succesfully.
[2026-07-02 09:46:27] [INFO]: Starting Job number 29: JOIN JOB
[2026-07-02 09:46:27] [INFO]: The job was executed succesfully.
[2026-07-02 09:46:27] [INFO]: Starting Job number 30: DELETE JOB
[2026-07-02 09:46:27] [INFO]: The job was executed succesfully.
[2026-07-02 09:46:27] [INFO]: Starting Job number 31: MERGE DELTA JOB
[2026-07-02 09:46:27] [INFO]: The job was executed succesfully.
[2026-07-02 09:46:27] [INFO]: Starting Job number 32: MERGE DELTA JOB
[2026-07-02 09:46:27] [INFO]: The job was executed succesfully.
[2026-07-02 09:46:27] [INFO]: Starting Job number 33: JOIN JOB
[2026-07-02 09:46:27] [INFO]: The job was executed succesfully.
[2026-07-02 09:46:27] [INFO]: Starting Job number 34: DELETE JOB
[2026-07-02 09:46:27] [INFO]: The job was executed succesfully.
[2026-07-02 09:46:27] [INFO]: Starting Job number 35: DELETE JOB
[2026-07-02 09:46:27] [INFO]: The job was executed succesfully.
[2026-07-02 09:46:27] [INFO]: Starting Job number 36: MERGE DELTA JOB
[2026-07-02 09:46:27] [INFO]: The job was executed succesfully.
[2026-07-02 09:46:27] [INFO]: Starting Job number 37: JOIN JOB
[2026-07-02 09:46:27] [INFO]: The job was executed succesfully.
[2026-07-02 09:46:27] [INFO]: Starting Job number 38: DELETE JOB
[2026-07-02 09:46:27] [INFO]: The job was executed succesfully.
[2026-07-02 09:46:27] [INFO]: Starting Job number 39: MERGE DELTA JOB
[2026-07-02 09:46:27] [INFO]: The job was executed succesfully.
[2026-07-02 09:46:27] [INFO]: Starting Job number 40: JOIN JOB
[2026-07-02 09:46:27] [INFO]: The job was executed succesfully.
[2026-07-02 09:46:27] [INFO]: Starting Job number 41: DELETE JOB
[2026-07-02 09:46:27] [INFO]: The job was executed succesfully.
[2026-07-02 09:46:27] [INFO]: Starting Job number 42: MERGE DELTA JOB
[2026-07-02 09:46:27] [INFO]: The job was executed succesfully.
[2026-07-02 09:46:27] [INFO]: Starting Job number 43: JOIN JOB
[2026-07-02 09:46:27] [INFO]: The job was executed succesfully.
[2026-07-02 09:46:27] [INFO]: Starting Job number 44: DELETE JOB
[2026-07-02 09:46:27] [INFO]: The job was executed succesfully.
[2026-07-02 09:46:27] [INFO]: Starting Job number 45: MERGE DELTA JOB
[2026-07-02 09:46:27] [INFO]: The job was executed succesfully.
[2026-07-02 09:46:27] [INFO]: Starting Job number 46: JOIN JOB
[2026-07-02 09:46:27] [INFO]: The job was executed succesfully.
[2026-07-02 09:46:27] [INFO]: Starting Job number 47: DELETE JOB
[2026-07-02 09:46:27] [INFO]: The job was executed succesfully.
[2026-07-02 09:46:27] [INFO]: Starting Job number 48: MERGE DELTA JOB
[2026-07-02 09:46:27] [INFO]: The job was executed succesfully.
[2026-07-02 09:46:27] [INFO]: Starting Job number 49: MERGE DELTA JOB
[2026-07-02 09:46:27] [INFO]: The job was executed succesfully.
[2026-07-02 09:46:27] [INFO]: Starting Job number 50: JOIN JOB
[2026-07-02 09:46:27] [INFO]: The job was executed succesfully.
[2026-07-02 09:46:27] [INFO]: Starting Job number 51: DELETE JOB
[2026-07-02 09:46:27] [INFO]: The job was executed succesfully.
[2026-07-02 09:46:27] [INFO]: Starting Job number 52: DELETE JOB
[2026-07-02 09:46:27] [INFO]: The job was executed succesfully.
[2026-07-02 09:46:27] [INFO]: Starting Job number 53: MERGE DELTA JOB
[2026-07-02 09:46:27] [INFO]: The job was executed succesfully.
[2026-07-02 09:46:27] [INFO]: Starting Job number 54: JOIN JOB
[2026-07-02 09:46:27] [INFO]: The job was executed succesfully.
[2026-07-02 09:46:27] [INFO]: Starting Job number 55: DELETE JOB
[2026-07-02 09:46:27] [INFO]: The job was executed succesfully.
[2026-07-02 09:46:27] [INFO]: Starting Job number 56: MERGE DELTA JOB
[2026-07-02 09:46:27] [INFO]: The job was executed succesfully.
[2026-07-02 09:46:27] [INFO]: Starting Job number 57: JOIN JOB
[2026-07-02 09:46:27] [INFO]: The job was executed succesfully.
[2026-07-02 09:46:27] [INFO]: Starting Job number 58: DELETE JOB
[2026-07-02 09:46:27] [INFO]: The job was executed succesfully.
[2026-07-02 09:46:27] [INFO]: Starting Job number 59: MERGE DELTA JOB
[2026-07-02 09:46:27] [INFO]: The job was executed succesfully.
[2026-07-02 09:46:27] [INFO]: Starting Job number 60: JOIN JOB
[2026-07-02 09:46:27] [INFO]: The job was executed succesfully.
[2026-07-02 09:46:27] [INFO]: Starting Job number 61: DELETE JOB
[2026-07-02 09:46:27] [INFO]: The job was executed succesfully.
[2026-07-02 09:46:27] [INFO]: Starting Job number 62: MERGE DELTA JOB
[2026-07-02 09:46:27] [INFO]: The job was executed succesfully.
[2026-07-02 09:46:27] [INFO]: Starting Job number 63: JOIN JOB
[2026-07-02 09:46:27] [INFO]: The job was executed succesfully.
[2026-07-02 09:46:27] [INFO]: Starting Job number 64: DELETE JOB
[2026-07-02 09:46:27] [INFO]: The job was executed succesfully.
[2026-07-02 09:46:27] [INFO]: Starting Job number 65: MERGE DELTA JOB
[2026-07-02 09:46:27] [INFO]: The job was executed succesfully.
[2026-07-02 09:46:27] [INFO]: Starting Job number 66: JOIN JOB
[2026-07-02 09:46:27] [INFO]: The job was executed succesfully.
[2026-07-02 09:46:27] [INFO]: Starting Job number 67: DELETE JOB
[2026-07-02 09:46:27] [INFO]: The job was executed succesfully.
[2026-07-02 09:46:27] [INFO]: Starting Job number 68: MERGE DELTA JOB
[2026-07-02 09:46:27] [INFO]: The job was executed succesfully.
[2026-07-02 09:46:27] [INFO]: Starting Job number 69: JOIN JOB
[2026-07-02 09:46:27] [INFO]: The job was executed succesfully.
[2026-07-02 09:46:27] [INFO]: Starting Job number 70: DELETE JOB
[2026-07-02 09:46:27] [INFO]: The job was executed succesfully.
[2026-07-02 09:46:27] [INFO]: Starting Job number 71: MERGE DELTA JOB
[2026-07-02 09:46:27] [INFO]: The job was executed succesfully.
[2026-07-02 09:46:27] [INFO]: Starting Job number 72: JOIN JOB
[2026-07-02 09:46:27] [INFO]: The job was executed succesfully.
[2026-07-02 09:46:27] [INFO]: Starting Job number 73: DELETE JOB
[2026-07-02 09:46:27] [INFO]: The job was executed succesfully.
[2026-07-02 09:46:27] [INFO]: Starting Job number 74: MERGE DELTA JOB
[2026-07-02 09:46:27] [INFO]: The job was executed succesfully.
[2026-07-02 09:46:27] [INFO]: Starting Job number 75: JOIN JOB
[2026-07-02 09:46:27] [INFO]: The job was executed succesfully.
[2026-07-02 09:46:27] [INFO]: Starting Job number 76: DELETE JOB
[2026-07-02 09:46:27] [INFO]: The job was executed succesfully.
[2026-07-02 09:46:27] [INFO]: Starting Job number 77: MERGE DELTA JOB
[2026-07-02 09:46:27] [INFO]: The job was executed succesfully.
[2026-07-02 09:46:27] [INFO]: Starting Job number 78: JOIN JOB
[2026-07-02 09:46:27] [INFO]: The job was executed succesfully.
[2026-07-02 09:46:27] [INFO]: Starting Job number 79: DELETE JOB
[2026-07-02 09:46:27] [INFO]: The job was executed succesfully.
[2026-07-02 09:46:27] [INFO]: Starting Job number 80: MERGE DELTA JOB
[2026-07-02 09:46:27] [INFO]: The job was executed succesfully.
[2026-07-02 09:46:27] [INFO]: Starting Job number 81: JOIN JOB
[2026-07-02 09:46:27] [INFO]: The job was executed succesfully.
[2026-07-02 09:46:27] [INFO]: Starting Job number 82: DELETE JOB
[2026-07-02 09:46:27] [INFO]: The job was executed succesfully.
[2026-07-02 09:46:27] [INFO]: Starting Job number 83: MERGE DELTA JOB
[2026-07-02 09:46:27] [INFO]: The job was executed succesfully.
[2026-07-02 09:46:27] [INFO]: Starting Job number 84: JOIN JOB
[2026-07-02 09:46:27] [INFO]: The job was executed succesfully.
[2026-07-02 09:46:27] [INFO]: Starting Job number 85: DELETE JOB
[2026-07-02 09:46:27] [INFO]: The job was executed succesfully.
[2026-07-02 09:46:27] [INFO]: Starting Job number 86: MERGE DELTA JOB
[2026-07-02 09:46:27] [INFO]: The job was executed succesfully.
[2026-07-02 09:46:27] [INFO]: Starting Job number 87: JOIN JOB
[2026-07-02 09:46:27] [INFO]: The job was executed succesfully.
[2026-07-02 09:46:27] [INFO]: Starting Job number 88: DELETE JOB
[2026-07-02 09:46:27] [INFO]: The job was executed succesfully.
[2026-07-02 09:46:27] [INFO]: Starting Job number 89: MERGE ADD JOB
[2026-07-02 09:46:27] [INFO]: The job was executed succesfully.
[2026-07-02 09:46:27] [INFO]: Starting Job number 90: MERGE ADD JOB
[2026-07-02 09:46:27] [INFO]: The job was executed succesfully.
[2026-07-02 09:46:27] [INFO]: Starting Job number 91: MERGE ADD JOB
[2026-07-02 09:46:27] [INFO]: The job was executed succesfully.
[2026-07-02 09:46:27] [INFO]: Starting Job number 92: MERGE ADD JOB
[2026-07-02 09:46:27] [INFO]: The job was executed succesfully.
[2026-07-02 09:46:27] [INFO]: Starting Job number 93: MERGE ADD JOB
[2026-07-02 09:46:27] [INFO]: The job was executed succesfully.
[2026-07-02 09:46:27] [INFO]: Starting Job number 94: MERGE ADD JOB
[2026-07-02 09:46:27] [INFO]: The job was executed succesfully.
[2026-07-02 09:46:27] [INFO]: Starting Job number 95: MERGE ADD JOB
[2026-07-02 09:46:27] [INFO]: The job was executed succesfully.
[2026-07-02 09:46:27] [INFO]: Starting Job number 96: MERGE ADD JOB
[2026-07-02 09:46:27] [INFO]: The job was executed succesfully.
[2026-07-02 09:46:27] [INFO]: Starting Job number 97: MERGE ADD JOB
[2026-07-02 09:46:27] [INFO]: The job was executed succesfully.
[2026-07-02 09:46:27] [INFO]: Starting Job number 98: MERGE ADD JOB
[2026-07-02 09:46:27] [INFO]: The job was executed succesfully.
[2026-07-02 09:46:27] [INFO]: Starting Job number 99: MERGE ADD JOB
[2026-07-02 09:46:27] [INFO]: The job was executed succesfully.
[2026-07-02 09:46:27] [INFO]: Starting Job number 100: MERGE ADD JOB
[2026-07-02 09:46:27] [INFO]: The job was executed succesfully.
[2026-07-02 09:46:27] [INFO]: Starting Job number 101: MERGE ADD JOB
[2026-07-02 09:46:27] [INFO]: The job was executed succesfully.
[2026-07-02 09:46:27] [INFO]: Starting Job number 102: MERGE ADD JOB
[2026-07-02 09:46:27] [INFO]: The job was executed succesfully.
[2026-07-02 09:46:27] [INFO]: Starting Job number 103: MERGE ADD JOB
[2026-07-02 09:46:27] [INFO]: The job was executed succesfully.
[2026-07-02 09:46:27] [INFO]: Starting Job number 104: MERGE ADD JOB
[2026-07-02 09:46:27] [INFO]: The job was executed succesfully.
[2026-07-02 09:46:27] [INFO]: Starting Job number 105: MERGE ADD JOB
[2026-07-02 09:46:27] [INFO]: The job was executed succesfully.
[2026-07-02 09:46:27] [INFO]: Starting Job number 106: MERGE ADD JOB
[2026-07-02 09:46:27] [INFO]: The job was executed succesfully.
[2026-07-02 09:46:27] [INFO]: Starting Job number 107: MERGE ADD JOB
[2026-07-02 09:46:27] [INFO]: The job was executed succesfully.
[2026-07-02 09:46:27] [INFO]: Starting Job number 108: MERGE ADD JOB
[2026-07-02 09:46:27] [INFO]: The job was executed succesfully.
[2026-07-02 09:46:27] [INFO]: Starting Job number 109: MERGE ADD JOB
[2026-07-02 09:46:27] [INFO]: The job was executed succesfully.
[2026-07-02 09:46:27] [INFO]: Starting Job number 110: MERGE DELTA JOB
[2026-07-02 09:46:27] [INFO]: The job was executed succesfully.
[2026-07-02 09:46:27] [INFO]: Starting Job number 111: MERGE DELTA JOB
[2026-07-02 09:46:27] [INFO]: The job was executed succesfully.
[2026-07-02 09:46:27] [INFO]: Starting Job number 112: MERGE DELTA JOB
[2026-07-02 09:46:27] [INFO]: The job was executed succesfully.
[2026-07-02 09:46:27] [INFO]: Starting Job number 113: MERGE DELTA JOB
[2026-07-02 09:46:27] [INFO]: The job was executed succesfully.
[2026-07-02 09:46:27] [INFO]: Starting Job number 114: MERGE DELTA JOB
[2026-07-02 09:46:27] [INFO]: The job was executed succesfully.
[2026-07-02 09:46:27] [INFO]: Starting Job number 115: MERGE DELTA JOB
[2026-07-02 09:46:27] [INFO]: The job was executed succesfully.
[2026-07-02 09:46:27] [INFO]: Starting Job number 116: JOIN JOB
[2026-07-02 09:46:27] [INFO]: The job was executed succesfully.
[2026-07-02 09:46:27] [INFO]: Starting Job number 117: DELETE JOB
[2026-07-02 09:46:27] [INFO]: The job was executed succesfully.
[2026-07-02 09:46:27] [INFO]: Starting Job number 118: DELETE JOB
[2026-07-02 09:46:27] [INFO]: The job was executed succesfully.
[2026-07-02 09:46:27] [INFO]: Starting Job number 119: DELETE JOB
[2026-07-02 09:46:27] [INFO]: The job was executed succesfully.
[2026-07-02 09:46:27] [INFO]: Starting Job number 120: DELETE JOB
[2026-07-02 09:46:27] [INFO]: The job was executed succesfully.
[2026-07-02 09:46:27] [INFO]: Starting Job number 121: DELETE JOB
[2026-07-02 09:46:27] [INFO]: The job was executed succesfully.
[2026-07-02 09:46:27] [INFO]: Starting Job number 122: DELETE JOB
[2026-07-02 09:46:27] [INFO]: The job was executed succesfully.
[2026-07-02 09:46:27] [INFO]: Starting Job number 123: DELETE JOB
[2026-07-02 09:46:27] [INFO]: The job was executed succesfully.
[2026-07-02 09:46:27] [INFO]: DONE! Rdf delta project merge succeed!
